[webkit-admin-template.multipurposethemes.com/bs5/demo7/contact_userlist_grid.html]
[backblue.gif]
[fade.gif]
[index.html]
[webkit-admin-template.multipurposethemes.com/bs5/demo7/css/vendors_css.css]
[webkit-admin-template.multipurposethemes.com/bs5/demo7/css/skin_color.css]
[webkit-admin-template.multipurposethemes.com/bs5/demo7/css/style.css]
[webkit-admin-template.multipurposethemes.com/bs5/demo7/index.html]
[webkit-admin-template.multipurposethemes.com/bs5/images/logo-letter-white.png]
[webkit-admin-template.multipurposethemes.com/bs5/images/logo-dark-text.png]
[webkit-admin-template.multipurposethemes.com/bs5/images/logo-light-text.png]
[webkit-admin-template.multipurposethemes.com/bs5/demo7/contact_app_chat.html]
[webkit-admin-template.multipurposethemes.com/bs5/demo7/mailbox.html]
[webkit-admin-template.multipurposethemes.com/bs5/demo7/extra_taskboard.html]
[webkit-admin-template.multipurposethemes.com/bs5/images/avatar/3.jpg]
[webkit-admin-template.multipurposethemes.com/bs5/demo7/extra_calendar.html]
[webkit-admin-template.multipurposethemes.com/bs5/demo7/contact_app.html]
[webkit-admin-template.multipurposethemes.com/bs5/demo7/widgets_blog.html]
[webkit-admin-template.multipurposethemes.com/bs5/demo7/widgets_chart.html]
[webkit-admin-template.multipurposethemes.com/bs5/demo7/widgets_list.html]
[webkit-admin-template.multipurposethemes.com/bs5/demo7/widgets_social.html]
[webkit-admin-template.multipurposethemes.com/bs5/demo7/widgets_statistic.html]
[webkit-admin-template.multipurposethemes.com/bs5/demo7/widgets_weather.html]
[webkit-admin-template.multipurposethemes.com/bs5/demo7/widgets.html]
[webkit-admin-template.multipurposethemes.com/bs5/demo7/email_index.html]
[webkit-admin-template.multipurposethemes.com/bs5/demo7/map_google.html]
[webkit-admin-template.multipurposethemes.com/bs5/demo7/map_vector.html]
[webkit-admin-template.multipurposethemes.com/bs5/demo7/component_modals.html]
[webkit-admin-template.multipurposethemes.com/bs5/demo7/component_sweatalert.html]
[webkit-admin-template.multipurposethemes.com/bs5/demo7/component_notification.html]
[webkit-admin-template.multipurposethemes.com/bs5/demo7/ecommerce_products.html]
[webkit-admin-template.multipurposethemes.com/bs5/demo7/ecommerce_cart.html]
[webkit-admin-template.multipurposethemes.com/bs5/demo7/ecommerce_products_edit.html]
[webkit-admin-template.multipurposethemes.com/bs5/demo7/ecommerce_details.html]
[webkit-admin-template.multipurposethemes.com/bs5/demo7/ecommerce_orders.html]
[webkit-admin-template.multipurposethemes.com/bs5/demo7/ecommerce_checkout.html]
[webkit-admin-template.multipurposethemes.com/bs5/demo7/invoice.html]
[webkit-admin-template.multipurposethemes.com/bs5/demo7/invoicelist.html]
[webkit-admin-template.multipurposethemes.com/bs5/demo7/extra_app_ticket.html]
[webkit-admin-template.multipurposethemes.com/bs5/demo7/extra_profile.html]
[webkit-admin-template.multipurposethemes.com/bs5/demo7/contact_userlist.html]
[webkit-admin-template.multipurposethemes.com/bs5/demo7/sample_faq.html]
[webkit-admin-template.multipurposethemes.com/bs5/demo7/sample_blank.html]
[webkit-admin-template.multipurposethemes.com/bs5/demo7/sample_coming_soon.html]
[webkit-admin-template.multipurposethemes.com/bs5/demo7/sample_custom_scroll.html]
[webkit-admin-template.multipurposethemes.com/bs5/demo7/sample_gallery.html]
[webkit-admin-template.multipurposethemes.com/bs5/demo7/sample_lightbox.html]
[webkit-admin-template.multipurposethemes.com/bs5/demo7/sample_pricing.html]
[webkit-admin-template.multipurposethemes.com/bs5/demo7/ui_grid.html]
[webkit-admin-template.multipurposethemes.com/bs5/demo7/ui_badges.html]
[webkit-admin-template.multipurposethemes.com/bs5/demo7/ui_border_utilities.html]
[webkit-admin-template.multipurposethemes.com/bs5/demo7/ui_buttons.html]
[webkit-admin-template.multipurposethemes.com/bs5/demo7/ui_color_utilities.html]
[webkit-admin-template.multipurposethemes.com/bs5/demo7/ui_dropdown.html]
[webkit-admin-template.multipurposethemes.com/bs5/demo7/ui_dropdown_grid.html]
[webkit-admin-template.multipurposethemes.com/bs5/demo7/ui_progress_bars.html]
[webkit-admin-template.multipurposethemes.com/bs5/demo7/icons_fontawesome.html]
[webkit-admin-template.multipurposethemes.com/bs5/demo7/icons_glyphicons.html]
[webkit-admin-template.multipurposethemes.com/bs5/demo7/icons_material.html]
[webkit-admin-template.multipurposethemes.com/bs5/demo7/icons_themify.html]
[webkit-admin-template.multipurposethemes.com/bs5/demo7/icons_simpleline.html]
[webkit-admin-template.multipurposethemes.com/bs5/demo7/icons_cryptocoins.html]
[webkit-admin-template.multipurposethemes.com/bs5/demo7/icons_flag.html]
[webkit-admin-template.multipurposethemes.com/bs5/demo7/icons_weather.html]
[webkit-admin-template.multipurposethemes.com/bs5/demo7/ui_ribbons.html]
[webkit-admin-template.multipurposethemes.com/bs5/demo7/ui_sliders.html]
[webkit-admin-template.multipurposethemes.com/bs5/demo7/ui_typography.html]
[webkit-admin-template.multipurposethemes.com/bs5/demo7/ui_tab.html]
[webkit-admin-template.multipurposethemes.com/bs5/demo7/ui_timeline.html]
[webkit-admin-template.multipurposethemes.com/bs5/demo7/ui_timeline_horizontal.html]
[webkit-admin-template.multipurposethemes.com/bs5/demo7/box_cards.html]
[webkit-admin-template.multipurposethemes.com/bs5/demo7/box_advanced.html]
[webkit-admin-template.multipurposethemes.com/bs5/demo7/box_basic.html]
[webkit-admin-template.multipurposethemes.com/bs5/demo7/box_color.html]
[webkit-admin-template.multipurposethemes.com/bs5/demo7/box_group.html]
[webkit-admin-template.multipurposethemes.com/bs5/demo7/component_bootstrap_switch.html]
[webkit-admin-template.multipurposethemes.com/bs5/demo7/component_date_paginator.html]
[webkit-admin-template.multipurposethemes.com/bs5/demo7/component_media_advanced.html]
[webkit-admin-template.multipurposethemes.com/bs5/demo7/component_rangeslider.html]
[webkit-admin-template.multipurposethemes.com/bs5/demo7/component_rating.html]
[webkit-admin-template.multipurposethemes.com/bs5/demo7/component_animations.html]
[webkit-admin-template.multipurposethemes.com/bs5/demo7/extension_fullscreen.html]
[webkit-admin-template.multipurposethemes.com/bs5/demo7/extension_pace.html]
[webkit-admin-template.multipurposethemes.com/bs5/demo7/component_nestable.html]
[webkit-admin-template.multipurposethemes.com/bs5/demo7/component_portlet_draggable.html]
[webkit-admin-template.multipurposethemes.com/bs5/demo7/forms_advanced.html]
[webkit-admin-template.multipurposethemes.com/bs5/demo7/forms_general.html]
[webkit-admin-template.multipurposethemes.com/bs5/demo7/forms_wizard.html]
[webkit-admin-template.multipurposethemes.com/bs5/demo7/forms_validation.html]
[webkit-admin-template.multipurposethemes.com/bs5/demo7/forms_mask.html]
[webkit-admin-template.multipurposethemes.com/bs5/demo7/forms_xeditable.html]
[webkit-admin-template.multipurposethemes.com/bs5/demo7/forms_dropzone.html]
[webkit-admin-template.multipurposethemes.com/bs5/demo7/forms_code_editor.html]
[webkit-admin-template.multipurposethemes.com/bs5/demo7/forms_editors.html]
[webkit-admin-template.multipurposethemes.com/bs5/demo7/forms_editor_markdown.html]
[webkit-admin-template.multipurposethemes.com/bs5/demo7/tables_simple.html]
[webkit-admin-template.multipurposethemes.com/bs5/demo7/tables_data.html]
[webkit-admin-template.multipurposethemes.com/bs5/demo7/tables_editable.html]
[webkit-admin-template.multipurposethemes.com/bs5/demo7/tables_color.html]
[webkit-admin-template.multipurposethemes.com/bs5/demo7/charts_chartjs.html]
[webkit-admin-template.multipurposethemes.com/bs5/demo7/charts_flot.html]
[webkit-admin-template.multipurposethemes.com/bs5/demo7/charts_inline.html]
[webkit-admin-template.multipurposethemes.com/bs5/demo7/charts_morris.html]
[webkit-admin-template.multipurposethemes.com/bs5/demo7/charts_peity.html]
[webkit-admin-template.multipurposethemes.com/bs5/demo7/charts_chartist.html]
[webkit-admin-template.multipurposethemes.com/bs5/demo7/charts_c3_axis.html]
[webkit-admin-template.multipurposethemes.com/bs5/demo7/charts_c3_bar.html]
[webkit-admin-template.multipurposethemes.com/bs5/demo7/charts_c3_data.html]
[webkit-admin-template.multipurposethemes.com/bs5/demo7/charts_c3_line.html]
[webkit-admin-template.multipurposethemes.com/bs5/demo7/charts_echarts_basic.html]
[webkit-admin-template.multipurposethemes.com/bs5/demo7/charts_echarts_bar.html]
[webkit-admin-template.multipurposethemes.com/bs5/demo7/charts_echarts_pie_doughnut.html]
[webkit-admin-template.multipurposethemes.com/bs5/demo7/auth_login.html]
[webkit-admin-template.multipurposethemes.com/bs5/demo7/auth_register.html]
[webkit-admin-template.multipurposethemes.com/bs5/demo7/auth_lockscreen.html]
[webkit-admin-template.multipurposethemes.com/bs5/demo7/auth_user_pass.html]
[webkit-admin-template.multipurposethemes.com/bs5/demo7/error_404.html]
[webkit-admin-template.multipurposethemes.com/bs5/demo7/error_500.html]
[webkit-admin-template.multipurposethemes.com/bs5/demo7/error_maintenance.html]
[webkit-admin-template.multipurposethemes.com/bs5/images/avatar/375x200/1.jpg]
[webkit-admin-template.multipurposethemes.com/bs5/images/avatar/375x200/2.jpg]
[webkit-admin-template.multipurposethemes.com/bs5/images/avatar/375x200/3.jpg]
[webkit-admin-template.multipurposethemes.com/bs5/images/avatar/375x200/4.jpg]
[webkit-admin-template.multipurposethemes.com/bs5/images/avatar/375x200/5.jpg]
[webkit-admin-template.multipurposethemes.com/bs5/images/avatar/375x200/6.jpg]
[webkit-admin-template.multipurposethemes.com/bs5/images/avatar/375x200/7.jpg]
[webkit-admin-template.multipurposethemes.com/bs5/images/avatar/375x200/8.jpg]
[webkit-admin-template.multipurposethemes.com/bs5/images/avatar/avatar-1.png]
[webkit-admin-template.multipurposethemes.com/bs5/images/avatar/avatar-2.png]
[webkit-admin-template.multipurposethemes.com/bs5/images/avatar/avatar-3.png]
[webkit-admin-template.multipurposethemes.com/bs5/images/avatar/avatar-4.png]
[webkit-admin-template.multipurposethemes.com/bs5/images/avatar/avatar-5.png]
[webkit-admin-template.multipurposethemes.com/bs5/images/avatar/1.jpg]
[webkit-admin-template.multipurposethemes.com/bs5/images/avatar/2.jpg]
[webkit-admin-template.multipurposethemes.com/bs5/images/avatar/4.jpg]
[webkit-admin-template.multipurposethemes.com/bs5/demo7/js/pages/chat-popup.js]
[webkit-admin-template.multipurposethemes.com/bs5/demo7/js/vendors.min.js]
[webkit-admin-template.multipurposethemes.com/bs5/assets/icons/feather-icons/feather.min.js]
[webkit-admin-template.multipurposethemes.com/bs5/demo7/contact_userlist_grid.html]
[webkit-admin-template.multipurposethemes.com/bs5/demo7/js/template.js]
[webkit-admin-template.multipurposethemes.com/bs5/assets/vendor_components/bootstrap/dist/css/bootstrap.css]
[webkit-admin-template.multipurposethemes.com/bs5/assets/vendor_components/perfect-scrollbar/css/perfect-scrollbar.css]
[webkit-admin-template.multipurposethemes.com/bs5/assets/vendor_components/morris.js/morris.css]
[webkit-admin-template.multipurposethemes.com/bs5/assets/vendor_components/OwlCarousel2/dist/assets/owl.carousel.css]
[webkit-admin-template.multipurposethemes.com/bs5/assets/vendor_components/OwlCarousel2/dist/assets/owl.theme.default.min.css]
[webkit-admin-template.multipurposethemes.com/bs5/assets/vendor_components/horizontal-timeline/css/horizontal-timeline.css]
[webkit-admin-template.multipurposethemes.com/bs5/assets/vendor_components/flexslider/flexslider.css]
[webkit-admin-template.multipurposethemes.com/bs5/assets/vendor_components/prism/prism.css]
[webkit-admin-template.multipurposethemes.com/bs5/assets/vendor_components/datatable/datatables.min.css]
[webkit-admin-template.multipurposethemes.com/bs5/assets/vendor_components/Magnific-Popup-master/dist/magnific-popup.css]
[webkit-admin-template.multipurposethemes.com/bs5/assets/vendor_components/gallery/css/animated-masonry-gallery.css]
[webkit-admin-template.multipurposethemes.com/bs5/assets/vendor_components/lightbox-master/dist/ekko-lightbox.css]
[webkit-admin-template.multipurposethemes.com/bs5/assets/vendor_components/jvectormap/lib2/jquery-jvectormap-2.0.2.css]
[webkit-admin-template.multipurposethemes.com/bs5/assets/vendor_components/x-editable/dist/bootstrap3-editable/css/bootstrap-editable.css]
[webkit-admin-template.multipurposethemes.com/bs5/assets/vendor_components/sweetalert/sweetalert.css]
[webkit-admin-template.multipurposethemes.com/bs5/assets/vendor_components/bootstrap-markdown-master/css/bootstrap-markdown.css]
[webkit-admin-template.multipurposethemes.com/bs5/assets/vendor_components/dropzone/dropzone.css]
[webkit-admin-template.multipurposethemes.com/bs5/assets/vendor_components/select2/dist/css/select2.min.css]
[webkit-admin-template.multipurposethemes.com/bs5/assets/vendor_components/bootstrap-daterangepicker/daterangepicker.css]
[webkit-admin-template.multipurposethemes.com/bs5/assets/vendor_components/bootstrap-datepicker/dist/css/bootstrap-datepicker.min.css]
[webkit-admin-template.multipurposethemes.com/bs5/assets/vendor_components/bootstrap-colorpicker/dist/css/bootstrap-colorpicker.min.css]
[webkit-admin-template.multipurposethemes.com/bs5/assets/vendor_components/bootstrap-select/dist/css/bootstrap-select.css]
[webkit-admin-template.multipurposethemes.com/bs5/assets/vendor_components/bootstrap-tagsinput/dist/bootstrap-tagsinput.css]
[webkit-admin-template.multipurposethemes.com/bs5/assets/vendor_components/bootstrap-touchspin/dist/jquery.bootstrap-touchspin.css]
[webkit-admin-template.multipurposethemes.com/bs5/assets/vendor_components/raty-master/lib/jquery.raty.css]
[webkit-admin-template.multipurposethemes.com/bs5/assets/vendor_components/ion-rangeSlider/css/ion.rangeSlider.css]
[webkit-admin-template.multipurposethemes.com/bs5/assets/vendor_components/ion-rangeSlider/css/ion.rangeSlider.skinModern.css]
[webkit-admin-template.multipurposethemes.com/bs5/assets/vendor_components/gridstack/gridstack.css]
[webkit-admin-template.multipurposethemes.com/bs5/assets/vendor_components/jquery-toast-plugin-master/src/jquery.toast.css]
[webkit-admin-template.multipurposethemes.com/bs5/assets/vendor_components/nestable/nestable.css]
[webkit-admin-template.multipurposethemes.com/bs5/assets/vendor_components/bootstrap-switch/switch.css]
[webkit-admin-template.multipurposethemes.com/bs5/assets/vendor_components/c3/c3.min.css]
[webkit-admin-template.multipurposethemes.com/bs5/assets/vendor_components/chartist-js-develop/chartist.css]
[webkit-admin-template.multipurposethemes.com/bs5/assets/vendor_plugins/bootstrap-slider/slider.css]
[webkit-admin-template.multipurposethemes.com/bs5/assets/vendor_plugins/iCheck/flat/blue.css]
[webkit-admin-template.multipurposethemes.com/bs5/assets/vendor_plugins/bootstrap-wysihtml5/bootstrap3-wysihtml5.min.css]
[webkit-admin-template.multipurposethemes.com/bs5/assets/vendor_plugins/bootstrap-wysihtml5/bootstrap3-wysihtml5.css]
[webkit-admin-template.multipurposethemes.com/bs5/assets/vendor_plugins/iCheck/all.css]
[webkit-admin-template.multipurposethemes.com/bs5/assets/vendor_plugins/timepicker/bootstrap-timepicker.min.css]
[webkit-admin-template.multipurposethemes.com/bs5/assets/vendor_plugins/pace/pace.min.css]
[webkit-admin-template.multipurposethemes.com/bs5/assets/vendor_components/fullcalendar/fullcalendar.min.css]
[webkit-admin-template.multipurposethemes.com/bs5/demo7/css/vendors_css.css]
[webkit-admin-template.multipurposethemes.com/bs5/assets/vendor_components/weather-icons/weather-icons.css]
[webkit-admin-template.multipurposethemes.com/bs5/demo7/css/color_theme.css]
[webkit-admin-template.multipurposethemes.com/bs5/demo7/css/style_rtl.css]
[webkit-admin-template.multipurposethemes.com/bs5/assets/icons/font-awesome/css/font-awesome.css]
[webkit-admin-template.multipurposethemes.com/bs5/assets/icons/Ionicons/css/ionicons.css]
[webkit-admin-template.multipurposethemes.com/bs5/assets/icons/themify-icons/themify-icons.css]
[webkit-admin-template.multipurposethemes.com/bs5/assets/icons/linea-icons/linea.css]
[webkit-admin-template.multipurposethemes.com/bs5/assets/icons/glyphicons/glyphicon.css]
[webkit-admin-template.multipurposethemes.com/bs5/assets/icons/flag-icon-css/css/flag-icon.css]
[webkit-admin-template.multipurposethemes.com/bs5/assets/icons/material-design-iconic-font/css/materialdesignicons.css]
[webkit-admin-template.multipurposethemes.com/bs5/assets/icons/simple-line-icons/css/simple-line-icons.css]
[webkit-admin-template.multipurposethemes.com/bs5/assets/icons/cryptocoins-master/cryptocoins.css]
[webkit-admin-template.multipurposethemes.com/bs5/assets/icons/weather-icons/css/weather-icons.min.css]
[webkit-admin-template.multipurposethemes.com/bs5/assets/icons/iconsmind/style.css]
[webkit-admin-template.multipurposethemes.com/bs5/assets/icons/icomoon/style.css]
[webkit-admin-template.multipurposethemes.com/bs5/assets/vendor_components/animate/animate.css]
[webkit-admin-template.multipurposethemes.com/bs5/images/preloaders/1.gif]
[webkit-admin-template.multipurposethemes.com/bs5/images/user-info.jpg]
[webkit-admin-template.multipurposethemes.com/bs5/demo7/css/style.css]
[webkit-admin-template.multipurposethemes.com/bs5/demo7/css/skin_color.css]
[webkit-admin-template.multipurposethemes.com/bs5/images/svg-icon/travel.png]
[webkit-admin-template.multipurposethemes.com/bs5/images/gallery/holiday/tour-2-img-1-gallery.jpg]
[webkit-admin-template.multipurposethemes.com/bs5/images/gallery/holiday/tour-2-img-2-gallery.jpg]
[webkit-admin-template.multipurposethemes.com/bs5/images/gallery/holiday/tour-2-img-3-gallery.jpg]
[webkit-admin-template.multipurposethemes.com/bs5/images/gallery/holiday/tour-2-img-4-gallery.jpg]
[webkit-admin-template.multipurposethemes.com/bs5/images/gallery/holiday/tour-2-img-5-gallery.jpg]
[webkit-admin-template.multipurposethemes.com/bs5/images/gallery/holiday/tour-2-img-6-gallery.jpg]
[webkit-admin-template.multipurposethemes.com/bs5/images/gallery/holiday/tour-2-img-7-gallery.jpg]
[webkit-admin-template.multipurposethemes.com/bs5/images/gallery/holiday/tour-2-img-8-gallery.jpg]
[webkit-admin-template.multipurposethemes.com/bs5/images/gallery/holiday/tour-2-img-9-gallery.jpg]
[webkit-admin-template.multipurposethemes.com/bs5/images/gallery/thumb-sm/1.jpg]
[webkit-admin-template.multipurposethemes.com/bs5/images/gallery/thumb-sm/2.jpg]
[webkit-admin-template.multipurposethemes.com/bs5/images/gallery/thumb-sm/3.jpg]
[webkit-admin-template.multipurposethemes.com/bs5/images/gallery/thumb-sm/4.jpg]
[webkit-admin-template.multipurposethemes.com/bs5/assets/vendor_components/progressbar.js-master/dist/progressbar.js]
[webkit-admin-template.multipurposethemes.com/bs5/assets/vendor_components/jquery-knob/js/jquery.knob.js]
[webkit-admin-template.multipurposethemes.com/bs5/assets/vendor_components/apexcharts-bundle/dist/apexcharts.js]
[webkit-admin-template.multipurposethemes.com/bs5/assets/vendor_components/OwlCarousel2/dist/owl.carousel.js]
[webkit-admin-template.multipurposethemes.com/bs5/demo7/index.html]
[webkit-admin-template.multipurposethemes.com/bs5/demo7/js/pages/dashboard.js]
[webkit-admin-template.multipurposethemes.com/bs5/images/avatar/5.jpg]
[webkit-admin-template.multipurposethemes.com/bs5/images/avatar/6.jpg]
[webkit-admin-template.multipurposethemes.com/bs5/images/avatar/7.jpg]
[webkit-admin-template.multipurposethemes.com/bs5/assets/vendor_components/moment/min/moment.min.js]
[webkit-admin-template.multipurposethemes.com/bs5/demo7/contact_app_chat.html]
[webkit-admin-template.multipurposethemes.com/bs5/demo7/js/pages/calendar.js]
[webkit-admin-template.multipurposethemes.com/bs5/assets/vendor_components/fullcalendar/fullcalendar.js]
[webkit-admin-template.multipurposethemes.com/bs5/images/1.jpg]
[webkit-admin-template.multipurposethemes.com/bs5/assets/vendor_plugins/iCheck/icheck.js]
[webkit-admin-template.multipurposethemes.com/bs5/assets/vendor_plugins/bootstrap-wysihtml5/bootstrap3-wysihtml5.all.min.js]
[webkit-admin-template.multipurposethemes.com/bs5/demo7/js/pages/mailbox.js]
[webkit-admin-template.multipurposethemes.com/bs5/demo7/mailbox.html]
[webkit-admin-template.multipurposethemes.com/bs5/demo7/js/pages/form-compose.js]
[webkit-admin-template.multipurposethemes.com/bs5/demo7/extra_taskboard.html]
[webkit-admin-template.multipurposethemes.com/bs5/demo7/js/pages/extra_taskboard.js]
[webkit-admin-template.multipurposethemes.com/bs5/assets/vendor_components/jquery-ui/jquery-ui.js]
[webkit-admin-template.multipurposethemes.com/bs5/assets/vendor_components/jquery-ui/jquery-ui.min.js]
[webkit-admin-template.multipurposethemes.com/bs5/assets/vendor_components/perfect-scrollbar-master/perfect-scrollbar.jquery.min.js]
[webkit-admin-template.multipurposethemes.com/bs5/assets/vendor_components/fullcalendar/lib/moment.min.js]
[webkit-admin-template.multipurposethemes.com/bs5/demo7/extra_calendar.html]
[webkit-admin-template.multipurposethemes.com/bs5/images/avatar/default.jpg]
[webkit-admin-template.multipurposethemes.com/bs5/assets/vendor_components/fullcalendar/fullcalendar.min.js]
[webkit-admin-template.multipurposethemes.com/bs5/images/avatar/8.jpg]
[webkit-admin-template.multipurposethemes.com/bs5/images/avatar/9.jpg]
[webkit-admin-template.multipurposethemes.com/bs5/demo7/contact_app.html]
[webkit-admin-template.multipurposethemes.com/bs5/demo7/js/pages/app-contact.js]
[webkit-admin-template.multipurposethemes.com/bs5/images/card/img1.jpg]
[webkit-admin-template.multipurposethemes.com/bs5/images/card/img2.jpg]
[webkit-admin-template.multipurposethemes.com/bs5/images/card/img3.jpg]
[webkit-admin-template.multipurposethemes.com/bs5/images/card/img4.jpg]
[webkit-admin-template.multipurposethemes.com/bs5/images/gallery/thumb/12.jpg]
[webkit-admin-template.multipurposethemes.com/bs5/images/gallery/thumb/13.jpg]
[webkit-admin-template.multipurposethemes.com/bs5/images/gallery/thumb/9.jpg]
[webkit-admin-template.multipurposethemes.com/bs5/images/gallery/thumb/11.jpg]
[webkit-admin-template.multipurposethemes.com/bs5/images/gallery/thumb/18.jpg]
[webkit-admin-template.multipurposethemes.com/bs5/images/gallery/thumb/2.jpg]
[webkit-admin-template.multipurposethemes.com/bs5/images/gallery/thumb/8.jpg]
[webkit-admin-template.multipurposethemes.com/bs5/images/gallery/thumb/1.jpg]
[webkit-admin-template.multipurposethemes.com/bs5/images/gallery/thumb/6.jpg]
[webkit-admin-template.multipurposethemes.com/bs5/images/gallery/thumb-sm/5.jpg]
[webkit-admin-template.multipurposethemes.com/bs5/images/gallery/thumb/5.jpg]
[webkit-admin-template.multipurposethemes.com/bs5/demo7/widgets_blog.html]
[webkit-admin-template.multipurposethemes.com/bs5/demo7/js/pages/widget-blog.js]
[webkit-admin-template.multipurposethemes.com/bs5/assets/vendor_components/jquery.peity/jquery.peity.js]
[webkit-admin-template.multipurposethemes.com/bs5/assets/vendor_components/easypiechart/dist/jquery.easypiechart.js]
[webkit-admin-template.multipurposethemes.com/bs5/assets/vendor_components/chart.js-master/Chart.min.js]
[webkit-admin-template.multipurposethemes.com/bs5/assets/vendor_components/d3/d3_tooltip.js]
[webkit-admin-template.multipurposethemes.com/bs5/assets/vendor_components/d3/d3.min.js]
[webkit-admin-template.multipurposethemes.com/bs5/demo7/js/pages/chart-widgets.js]
[webkit-admin-template.multipurposethemes.com/bs5/demo7/widgets_chart.html]
[webkit-admin-template.multipurposethemes.com/bs5/demo7/js/pages/chartjs-int.js]
[webkit-admin-template.multipurposethemes.com/bs5/images/avatar/avatar-10.png]
[webkit-admin-template.multipurposethemes.com/bs5/images/avatar/avatar-11.png]
[webkit-admin-template.multipurposethemes.com/bs5/images/avatar/avatar-12.png]
[webkit-admin-template.multipurposethemes.com/bs5/images/avatar/avatar-15.png]
[webkit-admin-template.multipurposethemes.com/bs5/images/avatar/avatar-16.png]
[webkit-admin-template.multipurposethemes.com/bs5/images/avatar/avatar-13.png]
[webkit-admin-template.multipurposethemes.com/bs5/images/gallery/creative/img-1.jpg]
[webkit-admin-template.multipurposethemes.com/bs5/images/gallery/creative/img-2.jpg]
[webkit-admin-template.multipurposethemes.com/bs5/images/gallery/creative/img-3.jpg]
[webkit-admin-template.multipurposethemes.com/bs5/images/avatar/avatar-6.png]
[webkit-admin-template.multipurposethemes.com/bs5/images/avatar/avatar-7.png]
[webkit-admin-template.multipurposethemes.com/bs5/images/avatar/avatar-8.png]
[webkit-admin-template.multipurposethemes.com/bs5/demo7/widgets_list.html]
[webkit-admin-template.multipurposethemes.com/bs5/demo7/js/pages/list.js]
[webkit-admin-template.multipurposethemes.com/bs5/images/gallery/creative/img-12.jpg]
[webkit-admin-template.multipurposethemes.com/bs5/images/gallery/creative/img-8.jpg]
[webkit-admin-template.multipurposethemes.com/bs5/images/photo1.png]
[webkit-admin-template.multipurposethemes.com/bs5/images/gallery/creative/img-7.jpg]
[webkit-admin-template.multipurposethemes.com/bs5/images/gallery/full/1.jpg]
[webkit-admin-template.multipurposethemes.com/bs5/images/gallery/full/2.jpg]
[webkit-admin-template.multipurposethemes.com/bs5/images/gallery/creative/img-9.jpg]
[webkit-admin-template.multipurposethemes.com/bs5/images/avatar/avatar-9.png]
[webkit-admin-template.multipurposethemes.com/bs5/images/gallery/thumb/10.jpg]
[webkit-admin-template.multipurposethemes.com/bs5/images/user1-128x128.jpg]
[webkit-admin-template.multipurposethemes.com/bs5/images/photo2.png]
[webkit-admin-template.multipurposethemes.com/bs5/images/user3-128x128.jpg]
[webkit-admin-template.multipurposethemes.com/bs5/images/user4-128x128.jpg]
[webkit-admin-template.multipurposethemes.com/bs5/images/user5-128x128.jpg]
[webkit-admin-template.multipurposethemes.com/bs5/demo7/widgets_social.html]
[webkit-admin-template.multipurposethemes.com/bs5/images/gallery/thumb/15.jpg]
[webkit-admin-template.multipurposethemes.com/bs5/images/gallery/full/10.jpg]
[webkit-admin-template.multipurposethemes.com/bs5/images/gallery/thumb/14.jpg]
[webkit-admin-template.multipurposethemes.com/bs5/images/gallery/creative/img-10.jpg]
[webkit-admin-template.multipurposethemes.com/bs5/images/gallery/thumb/7.jpg]
[webkit-admin-template.multipurposethemes.com/bs5/demo7/widgets_statistic.html]
[webkit-admin-template.multipurposethemes.com/bs5/demo7/js/pages/statistic.js]
[webkit-admin-template.multipurposethemes.com/bs5/images/placeholder.jpg]
[webkit-admin-template.multipurposethemes.com/bs5/images/gallery/thumb/4.jpg]
[webkit-admin-template.multipurposethemes.com/bs5/images/gallery/thumb/19.jpg]
[webkit-admin-template.multipurposethemes.com/bs5/assets/vendor_plugins/weather-icons/WeatherIcon.js]
[webkit-admin-template.multipurposethemes.com/bs5/demo7/widgets_weather.html]
[webkit-admin-template.multipurposethemes.com/bs5/demo7/js/pages/weather.js]
[webkit-admin-template.multipurposethemes.com/bs5/images/gallery/creative/img-4.jpg]
[webkit-admin-template.multipurposethemes.com/bs5/images/gallery/creative/img-5.jpg]
[webkit-admin-template.multipurposethemes.com/bs5/images/gallery/full/3.jpg]
[webkit-admin-template.multipurposethemes.com/bs5/images/user7-128x128.jpg]
[webkit-admin-template.multipurposethemes.com/bs5/demo7/widgets.html]
[webkit-admin-template.multipurposethemes.com/bs5/demo7/js/pages/widgets.js]
[webkit-admin-template.multipurposethemes.com/bs5/demo7/email_welcome.html]
[webkit-admin-template.multipurposethemes.com/bs5/images/preview/email-welcome.png]
[webkit-admin-template.multipurposethemes.com/bs5/demo7/email_verify_email.html]
[webkit-admin-template.multipurposethemes.com/bs5/images/preview/email-verify-email.png]
[webkit-admin-template.multipurposethemes.com/bs5/demo7/email_change_pass.html]
[webkit-admin-template.multipurposethemes.com/bs5/images/preview/email-change-pass.png]
[webkit-admin-template.multipurposethemes.com/bs5/demo7/email_update.html]
[webkit-admin-template.multipurposethemes.com/bs5/images/preview/email-update.png]
[webkit-admin-template.multipurposethemes.com/bs5/demo7/email_expired_card.html]
[webkit-admin-template.multipurposethemes.com/bs5/images/preview/email-expired-card.png]
[webkit-admin-template.multipurposethemes.com/bs5/demo7/email_closed_account.html]
[webkit-admin-template.multipurposethemes.com/bs5/images/preview/email-closed-account.png]
[webkit-admin-template.multipurposethemes.com/bs5/demo7/email_index.html]
[webkit-admin-template.multipurposethemes.com/bs5/assets/vendor_components/gmaps/gmaps.min.js]
[webkit-admin-template.multipurposethemes.com/bs5/demo7/map_google.html]
[webkit-admin-template.multipurposethemes.com/bs5/assets/vendor_components/gmaps/jquery.gmaps.js]
[webkit-admin-template.multipurposethemes.com/bs5/assets/vendor_components/jvectormap/lib2/jquery-jvectormap-2.0.2.min.js]
[webkit-admin-template.multipurposethemes.com/bs5/assets/vendor_components/jvectormap/lib2/jquery-jvectormap-world-mill-en.js]
[webkit-admin-template.multipurposethemes.com/bs5/assets/vendor_components/jvectormap/lib2/jquery-jvectormap-in-mill.js]
[webkit-admin-template.multipurposethemes.com/bs5/assets/vendor_components/jvectormap/lib2/jquery-jvectormap-us-aea-en.js]
[webkit-admin-template.multipurposethemes.com/bs5/assets/vendor_components/jvectormap/lib2/jquery-jvectormap-uk-mill-en.js]
[webkit-admin-template.multipurposethemes.com/bs5/assets/vendor_components/jvectormap/lib2/jquery-jvectormap-au-mill.js]
[webkit-admin-template.multipurposethemes.com/bs5/demo7/map_vector.html]
[webkit-admin-template.multipurposethemes.com/bs5/demo7/component_modals.html]
[webkit-admin-template.multipurposethemes.com/bs5/assets/vendor_components/jvectormap/lib2/jvectormap.custom.js]
[webkit-admin-template.multipurposethemes.com/bs5/images/alert/alert.png]
[webkit-admin-template.multipurposethemes.com/bs5/images/alert/alert2.png]
[webkit-admin-template.multipurposethemes.com/bs5/images/alert/alert3.png]
[webkit-admin-template.multipurposethemes.com/bs5/images/alert/alert4.png]
[webkit-admin-template.multipurposethemes.com/bs5/images/alert/alert5.png]
[webkit-admin-template.multipurposethemes.com/bs5/images/alert/alert7.png]
[webkit-admin-template.multipurposethemes.com/bs5/images/alert/alert6.png]
[webkit-admin-template.multipurposethemes.com/bs5/assets/vendor_components/sweetalert/sweetalert.min.js]
[webkit-admin-template.multipurposethemes.com/bs5/demo7/component_sweatalert.html]
[webkit-admin-template.multipurposethemes.com/bs5/assets/vendor_components/sweetalert/jquery.sweet-alert.custom.js]
[webkit-admin-template.multipurposethemes.com/bs5/images/avatar5.png]
[webkit-admin-template.multipurposethemes.com/bs5/images/avatar2.png]
[webkit-admin-template.multipurposethemes.com/bs5/images/avatar.png]
[webkit-admin-template.multipurposethemes.com/bs5/images/avatar3.png]
[webkit-admin-template.multipurposethemes.com/bs5/assets/vendor_components/jquery-toast-plugin-master/src/jquery.toast.js]
[webkit-admin-template.multipurposethemes.com/bs5/demo7/js/pages/toastr.js]
[webkit-admin-template.multipurposethemes.com/bs5/demo7/component_notification.html]
[webkit-admin-template.multipurposethemes.com/bs5/demo7/js/pages/notification.js]
[webkit-admin-template.multipurposethemes.com/bs5/images/product/product-1.png]
[webkit-admin-template.multipurposethemes.com/bs5/images/product/product-2.png]
[webkit-admin-template.multipurposethemes.com/bs5/images/product/product-3.png]
[webkit-admin-template.multipurposethemes.com/bs5/images/product/product-4.png]
[webkit-admin-template.multipurposethemes.com/bs5/images/product/product-5.png]
[webkit-admin-template.multipurposethemes.com/bs5/images/product/product-6.png]
[webkit-admin-template.multipurposethemes.com/bs5/images/product/product-7.png]
[webkit-admin-template.multipurposethemes.com/bs5/images/product/product-8.png]
[webkit-admin-template.multipurposethemes.com/bs5/images/product/product-9.png]
[webkit-admin-template.multipurposethemes.com/bs5/images/product/product-10.png]
[webkit-admin-template.multipurposethemes.com/bs5/images/product/product-11.png]
[webkit-admin-template.multipurposethemes.com/bs5/images/product/product-12.png]
[webkit-admin-template.multipurposethemes.com/bs5/assets/vendor_components/Magnific-Popup-master/dist/jquery.magnific-popup.min.js]
[webkit-admin-template.multipurposethemes.com/bs5/demo7/ecommerce_products.html]
[webkit-admin-template.multipurposethemes.com/bs5/demo7/ecommerce_cart.html]
[webkit-admin-template.multipurposethemes.com/bs5/demo7/ecommerce_products_edit.html]
[webkit-admin-template.multipurposethemes.com/bs5/assets/vendor_components/Magnific-Popup-master/dist/jquery.magnific-popup-init.js]
[webkit-admin-template.multipurposethemes.com/bs5/demo7/ecommerce_details.html]
[webkit-admin-template.multipurposethemes.com/bs5/demo7/js/pages/ecommerce_details.js]
[webkit-admin-template.multipurposethemes.com/bs5/demo7/ecommerce_orders.html]
[webkit-admin-template.multipurposethemes.com/bs5/demo7/ecommerce_checkout.html]
[webkit-admin-template.multipurposethemes.com/bs5/demo7/js/pages/data-table.js]
[webkit-admin-template.multipurposethemes.com/bs5/assets/vendor_plugins/JqueryPrintArea/demo/jquery.PrintArea.js]
[webkit-admin-template.multipurposethemes.com/bs5/demo7/invoice.html]
[webkit-admin-template.multipurposethemes.com/bs5/demo7/invoicelist.html]
[webkit-admin-template.multipurposethemes.com/bs5/demo7/js/pages/invoice.js]
[webkit-admin-template.multipurposethemes.com/bs5/demo7/extra_app_ticket.html]
[webkit-admin-template.multipurposethemes.com/bs5/demo7/js/pages/app-ticket.js]
[webkit-admin-template.multipurposethemes.com/bs5/images/150x100.png]
[webkit-admin-template.multipurposethemes.com/bs5/images/user6-128x128.jpg]
[webkit-admin-template.multipurposethemes.com/bs5/images/photo3.jpg]
[webkit-admin-template.multipurposethemes.com/bs5/images/photo4.jpg]
[webkit-admin-template.multipurposethemes.com/bs5/demo7/extra_profile.html]
[webkit-admin-template.multipurposethemes.com/bs5/demo7/contact_userlist.html]
[webkit-admin-template.multipurposethemes.com/bs5/demo7/sample_faq.html]
[webkit-admin-template.multipurposethemes.com/bs5/demo7/sample_blank.html]
[webkit-admin-template.multipurposethemes.com/bs5/demo7/js/pages/timeline.js]
[webkit-admin-template.multipurposethemes.com/bs5/demo7/sample_coming_soon_1.html]
[webkit-admin-template.multipurposethemes.com/bs5/images/preview/coming-soon-1.png]
[webkit-admin-template.multipurposethemes.com/bs5/assets/vendor_components/datatable/datatables.min.js]
[webkit-admin-template.multipurposethemes.com/bs5/demo7/sample_coming_soon_2.html]
[webkit-admin-template.multipurposethemes.com/bs5/images/preview/coming-soon-2.png]
[webkit-admin-template.multipurposethemes.com/bs5/demo7/sample_coming_soon_3.html]
[webkit-admin-template.multipurposethemes.com/bs5/images/preview/coming-soon-3.png]
[webkit-admin-template.multipurposethemes.com/bs5/demo7/sample_coming_soon.html]
[webkit-admin-template.multipurposethemes.com/bs5/images/gallery/thumb/3.jpg]
[webkit-admin-template.multipurposethemes.com/bs5/demo7/sample_custom_scroll.html]
[webkit-admin-template.multipurposethemes.com/bs5/demo7/js/pages/custom-scroll.js]
[webkit-admin-template.multipurposethemes.com/bs5/images/gallery/studio1.jpg]
[webkit-admin-template.multipurposethemes.com/bs5/images/gallery/landscape1.jpg]
[webkit-admin-template.multipurposethemes.com/bs5/images/gallery/studio2.jpg]
[webkit-admin-template.multipurposethemes.com/bs5/images/gallery/studio25.jpg]
[webkit-admin-template.multipurposethemes.com/bs5/images/gallery/landscape2.jpg]
[webkit-admin-template.multipurposethemes.com/bs5/images/gallery/studio27.jpg]
[webkit-admin-template.multipurposethemes.com/bs5/images/gallery/studio3.jpg]
[webkit-admin-template.multipurposethemes.com/bs5/images/gallery/landscape3.jpg]
[webkit-admin-template.multipurposethemes.com/bs5/images/gallery/studio26.jpg]
[webkit-admin-template.multipurposethemes.com/bs5/images/gallery/studio4.jpg]
[webkit-admin-template.multipurposethemes.com/bs5/images/gallery/landscape4.jpg]
[webkit-admin-template.multipurposethemes.com/bs5/images/gallery/studio5.jpg]
[webkit-admin-template.multipurposethemes.com/bs5/images/gallery/landscape5.jpg]
[webkit-admin-template.multipurposethemes.com/bs5/images/gallery/studio6.jpg]
[webkit-admin-template.multipurposethemes.com/bs5/images/gallery/landscape6.jpg]
[webkit-admin-template.multipurposethemes.com/bs5/images/gallery/studio7.jpg]
[webkit-admin-template.multipurposethemes.com/bs5/images/gallery/landscape7.jpg]
[webkit-admin-template.multipurposethemes.com/bs5/images/gallery/studio8.jpg]
[webkit-admin-template.multipurposethemes.com/bs5/images/gallery/landscape8.jpg]
[webkit-admin-template.multipurposethemes.com/bs5/images/gallery/studio9.jpg]
[webkit-admin-template.multipurposethemes.com/bs5/images/gallery/landscape9.jpg]
[webkit-admin-template.multipurposethemes.com/bs5/images/gallery/studio10.jpg]
[webkit-admin-template.multipurposethemes.com/bs5/images/gallery/landscape10.jpg]
[webkit-admin-template.multipurposethemes.com/bs5/images/gallery/studio11.jpg]
[webkit-admin-template.multipurposethemes.com/bs5/images/gallery/landscape11.jpg]
[webkit-admin-template.multipurposethemes.com/bs5/images/gallery/studio12.jpg]
[webkit-admin-template.multipurposethemes.com/bs5/images/gallery/landscape12.jpg]
[webkit-admin-template.multipurposethemes.com/bs5/images/gallery/studio13.jpg]
[webkit-admin-template.multipurposethemes.com/bs5/images/gallery/landscape13.jpg]
[webkit-admin-template.multipurposethemes.com/bs5/images/gallery/studio14.jpg]
[webkit-admin-template.multipurposethemes.com/bs5/images/gallery/landscape14.jpg]
[webkit-admin-template.multipurposethemes.com/bs5/images/gallery/studio15.jpg]
[webkit-admin-template.multipurposethemes.com/bs5/images/gallery/landscape15.jpg]
[webkit-admin-template.multipurposethemes.com/bs5/images/gallery/studio16.jpg]
[webkit-admin-template.multipurposethemes.com/bs5/images/gallery/landscape16.jpg]
[webkit-admin-template.multipurposethemes.com/bs5/images/gallery/studio17.jpg]
[webkit-admin-template.multipurposethemes.com/bs5/images/gallery/landscape17.jpg]
[webkit-admin-template.multipurposethemes.com/bs5/images/gallery/studio18.jpg]
[webkit-admin-template.multipurposethemes.com/bs5/images/gallery/landscape18.jpg]
[webkit-admin-template.multipurposethemes.com/bs5/images/gallery/studio19.jpg]
[webkit-admin-template.multipurposethemes.com/bs5/images/gallery/studio20.jpg]
[webkit-admin-template.multipurposethemes.com/bs5/images/gallery/studio21.jpg]
[webkit-admin-template.multipurposethemes.com/bs5/images/gallery/studio22.jpg]
[webkit-admin-template.multipurposethemes.com/bs5/images/gallery/studio23.jpg]
[webkit-admin-template.multipurposethemes.com/bs5/images/gallery/studio24.jpg]
[webkit-admin-template.multipurposethemes.com/bs5/assets/vendor_components/gallery/js/animated-masonry-gallery.js]
[webkit-admin-template.multipurposethemes.com/bs5/assets/vendor_components/gallery/js/jquery.isotope.min.js]
[webkit-admin-template.multipurposethemes.com/bs5/demo7/sample_gallery.html]
[webkit-admin-template.multipurposethemes.com/bs5/demo7/js/pages/gallery.js]
[webkit-admin-template.multipurposethemes.com/bs5/demo7/www.youtube.com/watch7d1c]
[webkit-admin-template.multipurposethemes.com/bs5/demo7/sample_lightbox.html]
[webkit-admin-template.multipurposethemes.com/bs5/images/gallery/thumb-sm/12.jpg]
[webkit-admin-template.multipurposethemes.com/bs5/images/gallery/thumb-sm/15.jpg]
[webkit-admin-template.multipurposethemes.com/bs5/images/gallery/thumb-sm/6.jpg]
[webkit-admin-template.multipurposethemes.com/bs5/demo7/sample_pricing.html]
[webkit-admin-template.multipurposethemes.com/bs5/demo7/ui_grid.html]
[webkit-admin-template.multipurposethemes.com/bs5/demo7/ui_badges.html]
[webkit-admin-template.multipurposethemes.com/bs5/demo7/ui_border_utilities.html]
[webkit-admin-template.multipurposethemes.com/bs5/demo7/ui_buttons.html]
[webkit-admin-template.multipurposethemes.com/bs5/demo7/ui_color_utilities.html]
[webkit-admin-template.multipurposethemes.com/bs5/demo7/ui_dropdown.html]
[webkit-admin-template.multipurposethemes.com/bs5/demo7/ui_dropdown_grid.html]
[webkit-admin-template.multipurposethemes.com/bs5/demo7/ui_progress_bars.html]
[webkit-admin-template.multipurposethemes.com/bs5/demo7/icons_fontawesome.html]
[webkit-admin-template.multipurposethemes.com/bs5/demo7/icons_glyphicons.html]
[webkit-admin-template.multipurposethemes.com/bs5/demo7/icons_material.html]
[webkit-admin-template.multipurposethemes.com/bs5/demo7/icons_themify.html]
[webkit-admin-template.multipurposethemes.com/bs5/assets/vendor_components/prism/prism.js]
[webkit-admin-template.multipurposethemes.com/bs5/demo7/icons_simpleline.html]
[webkit-admin-template.multipurposethemes.com/bs5/demo7/icons_cryptocoins.html]
[webkit-admin-template.multipurposethemes.com/bs5/demo7/icons_flag.html]
[webkit-admin-template.multipurposethemes.com/bs5/demo7/icons_weather.html]
[webkit-admin-template.multipurposethemes.com/bs5/demo7/ui_ribbons.html]
[webkit-admin-template.multipurposethemes.com/bs5/demo7/js/pages/icons.js]
[webkit-admin-template.multipurposethemes.com/bs5/images/img1.jpg]
[webkit-admin-template.multipurposethemes.com/bs5/images/img2.jpg]
[webkit-admin-template.multipurposethemes.com/bs5/images/img3.jpg]
[webkit-admin-template.multipurposethemes.com/bs5/images/gallery/full/slide-1.jpg]
[webkit-admin-template.multipurposethemes.com/bs5/images/gallery/full/slide-2.jpg]
[webkit-admin-template.multipurposethemes.com/bs5/images/gallery/full/slide-3.jpg]
[webkit-admin-template.multipurposethemes.com/bs5/images/gallery/full/slide-4.jpg]
[webkit-admin-template.multipurposethemes.com/bs5/assets/vendor_plugins/bootstrap-slider/bootstrap-slider.js]
[webkit-admin-template.multipurposethemes.com/bs5/assets/vendor_components/flexslider/jquery.flexslider.js]
[webkit-admin-template.multipurposethemes.com/bs5/demo7/ui_sliders.html]
[webkit-admin-template.multipurposethemes.com/bs5/demo7/ui_typography.html]
[webkit-admin-template.multipurposethemes.com/bs5/demo7/ui_tab.html]
[webkit-admin-template.multipurposethemes.com/bs5/demo7/ui_timeline.html]
[webkit-admin-template.multipurposethemes.com/bs5/demo7/js/pages/slider.js]
[webkit-admin-template.multipurposethemes.com/bs5/demo7/ui_timeline_horizontal.html]
[webkit-admin-template.multipurposethemes.com/bs5/assets/vendor_components/horizontal-timeline/js/horizontal-timeline.js]
[webkit-admin-template.multipurposethemes.com/bs5/images/card/1.jpg]
[webkit-admin-template.multipurposethemes.com/bs5/images/card/2.jpg]
[webkit-admin-template.multipurposethemes.com/bs5/images/card/3.jpg]
[webkit-admin-template.multipurposethemes.com/bs5/demo7/box_cards.html]
[webkit-admin-template.multipurposethemes.com/bs5/demo7/box_advanced.html]
[webkit-admin-template.multipurposethemes.com/bs5/demo7/box_basic.html]
[webkit-admin-template.multipurposethemes.com/bs5/demo7/box_color.html]
[webkit-admin-template.multipurposethemes.com/bs5/demo7/box_group.html]
[webkit-admin-template.multipurposethemes.com/bs5/demo7/component_bootstrap_switch.html]
[webkit-admin-template.multipurposethemes.com/bs5/assets/vendor_components/date-paginator/moment.min.js]
[webkit-admin-template.multipurposethemes.com/bs5/assets/vendor_components/bootstrap-datepicker/dist/js/bootstrap-datepicker.min.js]
[webkit-admin-template.multipurposethemes.com/bs5/assets/vendor_components/date-paginator/bootstrap-datepaginator.min.js]
[webkit-admin-template.multipurposethemes.com/bs5/demo7/component_date_paginator.html]
[webkit-admin-template.multipurposethemes.com/bs5/demo7/js/pages/date-paginator.js]
[webkit-admin-template.multipurposethemes.com/bs5/images/avatar04.png]
[webkit-admin-template.multipurposethemes.com/bs5/demo7/component_media_advanced.html]
[webkit-admin-template.multipurposethemes.com/bs5/demo7/js/pages/media.js]
[webkit-admin-template.multipurposethemes.com/bs5/assets/vendor_components/ion-rangeSlider/js/ion.rangeSlider.min.js]
[webkit-admin-template.multipurposethemes.com/bs5/demo7/component_rangeslider.html]
[webkit-admin-template.multipurposethemes.com/bs5/demo7/js/pages/range-sliders.init.js]
[webkit-admin-template.multipurposethemes.com/bs5/assets/vendor_components/raty-master/lib/jquery.raty.js]
[webkit-admin-template.multipurposethemes.com/bs5/demo7/component_rating.html]
[webkit-admin-template.multipurposethemes.com/bs5/demo7/js/pages/component-rating-init.js]
[webkit-admin-template.multipurposethemes.com/bs5/demo7/component_animations.html]
[webkit-admin-template.multipurposethemes.com/bs5/demo7/js/pages/component-animations-css3.js]
[webkit-admin-template.multipurposethemes.com/bs5/demo7/extension_fullscreen.html]
[webkit-admin-template.multipurposethemes.com/bs5/demo7/js/pages/fullscreen.js]
[webkit-admin-template.multipurposethemes.com/bs5/assets/vendor_components/PACE/pace.min.js]
[webkit-admin-template.multipurposethemes.com/bs5/demo7/extension_pace.html]
[webkit-admin-template.multipurposethemes.com/bs5/demo7/js/pages/pace.js]
[webkit-admin-template.multipurposethemes.com/bs5/assets/vendor_components/nestable/jquery.nestable.js]
[webkit-admin-template.multipurposethemes.com/bs5/demo7/component_nestable.html]
[webkit-admin-template.multipurposethemes.com/bs5/demo7/js/pages/nestable.js]
[cdnjs.cloudflare.com/ajax/libs/jqueryui-touch-punch/0.2.3/jquery.ui.touch-punch.min.js]
[webkit-admin-template.multipurposethemes.com/bs5/assets/vendor_components/gridstack/gridstack.js]
[webkit-admin-template.multipurposethemes.com/bs5/assets/vendor_components/gridstack/gridstack.jQueryUI.js]
[webkit-admin-template.multipurposethemes.com/bs5/assets/vendor_components/gridstack/lodash.js]
[webkit-admin-template.multipurposethemes.com/bs5/demo7/component_portlet_draggable.html]
[webkit-admin-template.multipurposethemes.com/bs5/demo7/js/pages/gridstackjs.js]
[webkit-admin-template.multipurposethemes.com/bs5/assets/vendor_components/bootstrap-select/dist/js/bootstrap-select.js]
[webkit-admin-template.multipurposethemes.com/bs5/assets/vendor_components/bootstrap-tagsinput/dist/bootstrap-tagsinput.js]
[webkit-admin-template.multipurposethemes.com/bs5/assets/vendor_components/bootstrap-touchspin/dist/jquery.bootstrap-touchspin.min.js]
[webkit-admin-template.multipurposethemes.com/bs5/assets/vendor_components/select2/dist/js/select2.full.js]
[webkit-admin-template.multipurposethemes.com/bs5/assets/vendor_plugins/input-mask/jquery.inputmask.js]
[webkit-admin-template.multipurposethemes.com/bs5/assets/vendor_plugins/input-mask/jquery.inputmask.date.extensions.js]
[webkit-admin-template.multipurposethemes.com/bs5/assets/vendor_plugins/input-mask/jquery.inputmask.extensions.js]
[webkit-admin-template.multipurposethemes.com/bs5/assets/vendor_components/bootstrap-daterangepicker/daterangepicker.js]
[webkit-admin-template.multipurposethemes.com/bs5/assets/vendor_components/bootstrap-colorpicker/dist/js/bootstrap-colorpicker.min.js]
[webkit-admin-template.multipurposethemes.com/bs5/assets/vendor_plugins/timepicker/bootstrap-timepicker.min.js]
[webkit-admin-template.multipurposethemes.com/bs5/assets/vendor_plugins/iCheck/icheck.min.js]
[webkit-admin-template.multipurposethemes.com/bs5/demo7/forms_advanced.html]
[webkit-admin-template.multipurposethemes.com/bs5/demo7/forms_general.html]
[webkit-admin-template.multipurposethemes.com/bs5/demo7/js/pages/advanced-form-element.js]
[webkit-admin-template.multipurposethemes.com/bs5/assets/vendor_components/jquery-steps-master/build/jquery.steps.js]
[webkit-admin-template.multipurposethemes.com/bs5/assets/vendor_components/jquery-validation-1.17.0/dist/jquery.validate.min.js]
[webkit-admin-template.multipurposethemes.com/bs5/demo7/forms_wizard.html]
[webkit-admin-template.multipurposethemes.com/bs5/demo7/js/pages/steps.js]
[webkit-admin-template.multipurposethemes.com/bs5/demo7/js/pages/validation.js]
[webkit-admin-template.multipurposethemes.com/bs5/demo7/forms_validation.html]
[webkit-admin-template.multipurposethemes.com/bs5/demo7/js/pages/form-validation.js]
[webkit-admin-template.multipurposethemes.com/bs5/assets/vendor_components/formatter/formatter.js]
[webkit-admin-template.multipurposethemes.com/bs5/assets/vendor_components/formatter/jquery.formatter.js]
[webkit-admin-template.multipurposethemes.com/bs5/demo7/forms_mask.html]
[webkit-admin-template.multipurposethemes.com/bs5/demo7/js/pages/formatter.js]
[webkit-admin-template.multipurposethemes.com/bs5/assets/vendor_components/moment/src/moment2.js]
[webkit-admin-template.multipurposethemes.com/bs5/demo7/forms_xeditable.html]
[webkit-admin-template.multipurposethemes.com/bs5/demo7/js/pages/form-x-editable.js]
[webkit-admin-template.multipurposethemes.com/bs5/assets/vendor_components/x-editable/dist/bootstrap3-editable/js/bootstrap-editable.js]
[webkit-admin-template.multipurposethemes.com/bs5/demo7/forms_dropzone.html]
[webkit-admin-template.multipurposethemes.com/bs5/assets/vendor_components/dropzone/dropzone.js]
[webkit-admin-template.multipurposethemes.com/bs5/demo7/forms_code_editor.html]
[webkit-admin-template.multipurposethemes.com/bs5/assets/vendor_plugins/ace-builds-master/src-min-noconflict/ace.js]
[webkit-admin-template.multipurposethemes.com/bs5/demo7/js/pages/form-code-editor.js]
[webkit-admin-template.multipurposethemes.com/bs5/demo7/forms_editors.html]
[webkit-admin-template.multipurposethemes.com/bs5/demo7/js/pages/editor.js]
[webkit-admin-template.multipurposethemes.com/bs5/assets/vendor_plugins/bootstrap-wysihtml5/bootstrap3-wysihtml5.all.js]
[webkit-admin-template.multipurposethemes.com/bs5/assets/vendor_components/ckeditor/ckeditor.js]
[webkit-admin-template.multipurposethemes.com/bs5/assets/vendor_components/bootstrap-markdown-master/js/bootstrap-markdown.js]
[webkit-admin-template.multipurposethemes.com/bs5/assets/vendor_components/marked/marked.js]
[webkit-admin-template.multipurposethemes.com/bs5/demo7/forms_editor_markdown.html]
[webkit-admin-template.multipurposethemes.com/bs5/demo7/tables_simple.html]
[webkit-admin-template.multipurposethemes.com/bs5/demo7/tables_data.html]
[webkit-admin-template.multipurposethemes.com/bs5/assets/vendor_components/to-markdown/to-markdown.js]
[webkit-admin-template.multipurposethemes.com/bs5/assets/vendor_components/tiny-editable/mindmup-editabletable.js]
[webkit-admin-template.multipurposethemes.com/bs5/assets/vendor_components/tiny-editable/numeric-input-example.js]
[webkit-admin-template.multipurposethemes.com/bs5/demo7/tables_editable.html]
[webkit-admin-template.multipurposethemes.com/bs5/demo7/tables_color.html]
[webkit-admin-template.multipurposethemes.com/bs5/demo7/js/pages/editable-tables.js]
[webkit-admin-template.multipurposethemes.com/bs5/demo7/charts_chartjs.html]
[webkit-admin-template.multipurposethemes.com/bs5/demo7/js/pages/widget-charts2.js]
[webkit-admin-template.multipurposethemes.com/bs5/assets/vendor_components/Flot/jquery.flot.js]
[webkit-admin-template.multipurposethemes.com/bs5/assets/vendor_components/Flot/jquery.flot.resize.js]
[webkit-admin-template.multipurposethemes.com/bs5/assets/vendor_components/Flot/jquery.flot.pie.js]
[webkit-admin-template.multipurposethemes.com/bs5/assets/vendor_components/Flot/jquery.flot.categories.js]
[webkit-admin-template.multipurposethemes.com/bs5/demo7/charts_flot.html]
[webkit-admin-template.multipurposethemes.com/bs5/demo7/js/pages/widget-flot-charts.js]
[webkit-admin-template.multipurposethemes.com/bs5/demo7/charts_inline.html]
[webkit-admin-template.multipurposethemes.com/bs5/demo7/js/pages/widget-inline-charts.js]
[webkit-admin-template.multipurposethemes.com/bs5/assets/vendor_components/raphael/raphael.min.js]
[webkit-admin-template.multipurposethemes.com/bs5/assets/vendor_components/morris.js/morris.min.js]
[webkit-admin-template.multipurposethemes.com/bs5/demo7/charts_morris.html]
[webkit-admin-template.multipurposethemes.com/bs5/demo7/js/pages/widget-morris-charts.js]
[webkit-admin-template.multipurposethemes.com/bs5/demo7/charts_peity.html]
[webkit-admin-template.multipurposethemes.com/bs5/demo7/js/pages/peity.js]
[webkit-admin-template.multipurposethemes.com/bs5/demo7/charts_chartist.html]
[webkit-admin-template.multipurposethemes.com/bs5/assets/vendor_components/chartist-js-develop/chartist.js]
[webkit-admin-template.multipurposethemes.com/bs5/demo7/js/pages/widget-chartist.js]
[webkit-admin-template.multipurposethemes.com/bs5/assets/vendor_components/c3/d3.min.js]
[webkit-admin-template.multipurposethemes.com/bs5/assets/vendor_components/c3/c3.min.js]
[webkit-admin-template.multipurposethemes.com/bs5/demo7/charts_c3_axis.html]
[webkit-admin-template.multipurposethemes.com/bs5/demo7/js/pages/c3-axis.js]
[webkit-admin-template.multipurposethemes.com/bs5/demo7/charts_c3_bar.html]
[webkit-admin-template.multipurposethemes.com/bs5/demo7/js/pages/c3-bar-pie.js]
[webkit-admin-template.multipurposethemes.com/bs5/demo7/charts_c3_data.html]
[webkit-admin-template.multipurposethemes.com/bs5/demo7/js/pages/c3-data.js]
[webkit-admin-template.multipurposethemes.com/bs5/demo7/js/pages/c3-line.js]
[webkit-admin-template.multipurposethemes.com/bs5/demo7/js/pages/c3-stap-line.js]
[webkit-admin-template.multipurposethemes.com/bs5/demo7/charts_c3_line.html]
[webkit-admin-template.multipurposethemes.com/bs5/demo7/js/pages/c3-multi-xy-line.js]
[webkit-admin-template.multipurposethemes.com/bs5/demo7/charts_echarts_basic.html]
[webkit-admin-template.multipurposethemes.com/bs5/demo7/js/pages/echart-line-charts.js]
[webkit-admin-template.multipurposethemes.com/bs5/demo7/charts_echarts_bar.html]
[webkit-admin-template.multipurposethemes.com/bs5/demo7/js/pages/echart-bar.js]
[webkit-admin-template.multipurposethemes.com/bs5/assets/vendor_components/echarts/dist/echarts-en.min.js]
[webkit-admin-template.multipurposethemes.com/bs5/demo7/charts_echarts_pie_doughnut.html]
[webkit-admin-template.multipurposethemes.com/bs5/demo7/js/pages/echart-pie-doghnut.js]
[webkit-admin-template.multipurposethemes.com/bs5/images/auth-bg/bg-1.jpg]
[webkit-admin-template.multipurposethemes.com/bs5/demo7/auth_login.html]
[webkit-admin-template.multipurposethemes.com/bs5/images/auth-bg/bg-2.jpg]
[webkit-admin-template.multipurposethemes.com/bs5/demo7/auth_register.html]
[webkit-admin-template.multipurposethemes.com/bs5/demo7/auth_lockscreen.html]
[webkit-admin-template.multipurposethemes.com/bs5/demo7/auth_user_pass.html]
[webkit-admin-template.multipurposethemes.com/bs5/images/auth-bg/bg-4.jpg]
[webkit-admin-template.multipurposethemes.com/bs5/images/auth-bg/404.jpg]
[webkit-admin-template.multipurposethemes.com/bs5/demo7/error_404.html]
[webkit-admin-template.multipurposethemes.com/bs5/images/auth-bg/bg-5.jpg]
[webkit-admin-template.multipurposethemes.com/bs5/images/auth-bg/500.jpg]
[webkit-admin-template.multipurposethemes.com/bs5/demo7/error_500.html]
[webkit-admin-template.multipurposethemes.com/bs5/demo7/error_maintenance.html]
[webkit-admin-template.multipurposethemes.com/bs5/assets/vendor_components/bootstrap/dist/css/bootstrap.css]
[webkit-admin-template.multipurposethemes.com/bs5/assets/vendor_components/perfect-scrollbar/css/perfect-scrollbar.css]
[webkit-admin-template.multipurposethemes.com/bs5/assets/vendor_components/morris.js/morris.css]
[webkit-admin-template.multipurposethemes.com/bs5/assets/vendor_components/OwlCarousel2/dist/assets/owl.video.play.png]
[webkit-admin-template.multipurposethemes.com/bs5/assets/vendor_components/OwlCarousel2/dist/assets/owl.carousel.css]
[webkit-admin-template.multipurposethemes.com/bs5/assets/vendor_components/OwlCarousel2/dist/assets/owl.theme.default.min.css]
[webkit-admin-template.multipurposethemes.com/bs5/assets/vendor_components/horizontal-timeline/css/horizontal-timeline.css]
[webkit-admin-template.multipurposethemes.com/bs5/assets/vendor_components/flexslider/fonts/flexslider-icon.eot]
[webkit-admin-template.multipurposethemes.com/bs5/assets/vendor_components/flexslider/fonts/flexslider-icond41d.eot]
[webkit-admin-template.multipurposethemes.com/bs5/assets/vendor_components/flexslider/fonts/flexslider-icon.woff]
[webkit-admin-template.multipurposethemes.com/bs5/assets/vendor_components/flexslider/fonts/flexslider-icon.ttf]
[webkit-admin-template.multipurposethemes.com/bs5/assets/vendor_components/flexslider/flexslider.css]
[webkit-admin-template.multipurposethemes.com/bs5/assets/vendor_components/prism/prism.css]
[webkit-admin-template.multipurposethemes.com/bs5/assets/vendor_components/datatable/datatables.min.css]
[webkit-admin-template.multipurposethemes.com/bs5/assets/vendor_components/Magnific-Popup-master/dist/magnific-popup.css]
[webkit-admin-template.multipurposethemes.com/bs5/assets/vendor_components/gallery/css/animated-masonry-gallery.css]
[webkit-admin-template.multipurposethemes.com/bs5/assets/vendor_components/lightbox-master/dist/ekko-lightbox.css]
[webkit-admin-template.multipurposethemes.com/bs5/assets/vendor_components/jvectormap/lib2/jquery-jvectormap-2.0.2.css]
[webkit-admin-template.multipurposethemes.com/bs5/assets/vendor_components/x-editable/dist/bootstrap3-editable/img/loading.gif]
[webkit-admin-template.multipurposethemes.com/bs5/assets/vendor_components/x-editable/dist/bootstrap3-editable/img/clear.png]
[webkit-admin-template.multipurposethemes.com/bs5/assets/vendor_components/x-editable/dist/bootstrap3-editable/css/bootstrap-editable.css]
[webkit-admin-template.multipurposethemes.com/bs5/assets/vendor_components/sweetalert/sweetalert.css]
[webkit-admin-template.multipurposethemes.com/bs5/assets/vendor_components/bootstrap-markdown-master/css/bootstrap-markdown.css]
[webkit-admin-template.multipurposethemes.com/bs5/assets/vendor_components/dropzone/dropzone.css]
[webkit-admin-template.multipurposethemes.com/bs5/assets/vendor_components/select2/dist/css/select2.min.css]
[webkit-admin-template.multipurposethemes.com/bs5/assets/vendor_components/bootstrap-daterangepicker/daterangepicker.css]
[webkit-admin-template.multipurposethemes.com/bs5/assets/vendor_components/bootstrap-datepicker/dist/css/bootstrap-datepicker.min.css]
[webkit-admin-template.multipurposethemes.com/bs5/assets/vendor_components/bootstrap-colorpicker/dist/img/bootstrap-colorpicker/saturation.png]
[webkit-admin-template.multipurposethemes.com/bs5/assets/vendor_components/bootstrap-colorpicker/dist/img/bootstrap-colorpicker/hue.png]
[webkit-admin-template.multipurposethemes.com/bs5/assets/vendor_components/bootstrap-colorpicker/dist/img/bootstrap-colorpicker/alpha.png]
[webkit-admin-template.multipurposethemes.com/bs5/assets/vendor_components/bootstrap-colorpicker/dist/img/bootstrap-colorpicker/hue-horizontal.png]
[webkit-admin-template.multipurposethemes.com/bs5/assets/vendor_components/bootstrap-colorpicker/dist/img/bootstrap-colorpicker/alpha-horizontal.png]
[webkit-admin-template.multipurposethemes.com/bs5/assets/vendor_components/bootstrap-colorpicker/dist/css/bootstrap-colorpicker.min.css]
[webkit-admin-template.multipurposethemes.com/bs5/assets/vendor_components/bootstrap-select/dist/css/bootstrap-select.css]
[webkit-admin-template.multipurposethemes.com/bs5/assets/vendor_components/bootstrap-tagsinput/dist/bootstrap-tagsinput.css]
[webkit-admin-template.multipurposethemes.com/bs5/assets/vendor_components/bootstrap-touchspin/dist/jquery.bootstrap-touchspin.css]
[webkit-admin-template.multipurposethemes.com/bs5/assets/vendor_components/raty-master/lib/fonts/raty.eot]
[webkit-admin-template.multipurposethemes.com/bs5/assets/vendor_components/raty-master/lib/fonts/ratyd41d.eot]
[webkit-admin-template.multipurposethemes.com/bs5/assets/vendor_components/raty-master/lib/fonts/raty.ttf]
[webkit-admin-template.multipurposethemes.com/bs5/assets/vendor_components/raty-master/lib/fonts/raty.woff]
[webkit-admin-template.multipurposethemes.com/bs5/assets/vendor_components/raty-master/lib/jquery.raty.css]
[webkit-admin-template.multipurposethemes.com/bs5/assets/vendor_components/ion-rangeSlider/css/ion.rangeSlider.css]
[webkit-admin-template.multipurposethemes.com/bs5/assets/vendor_components/ion-rangeSlider/img/sprite-skin-modern.png]
[webkit-admin-template.multipurposethemes.com/bs5/assets/vendor_components/ion-rangeSlider/css/ion.rangeSlider.skinModern.css]
[webkit-admin-template.multipurposethemes.com/bs5/assets/vendor_components/gridstack/gridstack.css]
[webkit-admin-template.multipurposethemes.com/bs5/assets/vendor_components/jquery-toast-plugin-master/src/jquery.toast.css]
[webkit-admin-template.multipurposethemes.com/bs5/assets/vendor_components/nestable/nestable.css]
[webkit-admin-template.multipurposethemes.com/bs5/assets/vendor_components/bootstrap-switch/switch.css]
[webkit-admin-template.multipurposethemes.com/bs5/assets/vendor_components/c3/c3.min.css]
[webkit-admin-template.multipurposethemes.com/bs5/assets/vendor_components/chartist-js-develop/chartist.css]
[webkit-admin-template.multipurposethemes.com/bs5/assets/vendor_plugins/bootstrap-slider/slider.css]
[webkit-admin-template.multipurposethemes.com/bs5/assets/vendor_plugins/iCheck/flat/blue.png]
[webkit-admin-template.multipurposethemes.com/bs5/assets/vendor_plugins/iCheck/flat/blue@2x.png]
[webkit-admin-template.multipurposethemes.com/bs5/assets/vendor_plugins/iCheck/flat/blue.css]
[webkit-admin-template.multipurposethemes.com/bs5/assets/vendor_plugins/bootstrap-wysihtml5/bootstrap3-wysihtml5.min.css]
[webkit-admin-template.multipurposethemes.com/bs5/assets/vendor_plugins/bootstrap-wysihtml5/bootstrap3-wysihtml5.css]
[webkit-admin-template.multipurposethemes.com/bs5/assets/vendor_plugins/bootstrap-wysihtml5/fonts/glyphicon.css]
[webkit-admin-template.multipurposethemes.com/bs5/assets/vendor_plugins/iCheck/minimal/_all.css]
[webkit-admin-template.multipurposethemes.com/bs5/assets/vendor_plugins/iCheck/square/_all.css]
[webkit-admin-template.multipurposethemes.com/bs5/assets/vendor_plugins/iCheck/flat/_all.css]
[webkit-admin-template.multipurposethemes.com/bs5/assets/vendor_plugins/iCheck/line/_all.css]
[webkit-admin-template.multipurposethemes.com/bs5/assets/vendor_plugins/iCheck/polaris/polaris.css]
[webkit-admin-template.multipurposethemes.com/bs5/assets/vendor_plugins/iCheck/all.css]
[webkit-admin-template.multipurposethemes.com/bs5/assets/vendor_plugins/timepicker/bootstrap-timepicker.min.css]
[webkit-admin-template.multipurposethemes.com/bs5/assets/vendor_plugins/pace/pace.min.css]
[webkit-admin-template.multipurposethemes.com/bs5/assets/vendor_components/fullcalendar/fullcalendar.min.css]
[webkit-admin-template.multipurposethemes.com/bs5/assets/vendor_plugins/iCheck/futurico/futurico.css]
[webkit-admin-template.multipurposethemes.com/bs5/assets/vendor_components/weather-icons/weathericons-regular-webfont.eot]
[webkit-admin-template.multipurposethemes.com/bs5/assets/vendor_components/weather-icons/weathericons-regular-webfontd41d.eot]
[webkit-admin-template.multipurposethemes.com/bs5/assets/vendor_components/weather-icons/weathericons-regular-webfont.woff]
[webkit-admin-template.multipurposethemes.com/bs5/assets/vendor_components/weather-icons/weathericons-regular-webfont.ttf]
[webkit-admin-template.multipurposethemes.com/bs5/assets/vendor_components/weather-icons/weather-icons.css]
[webkit-admin-template.multipurposethemes.com/bs5/demo7/css/color_theme.css]
[webkit-admin-template.multipurposethemes.com/bs5/demo7/css/style_rtl.css]
[webkit-admin-template.multipurposethemes.com/bs5/assets/icons/font-awesome/css/font-awesome.css]
[webkit-admin-template.multipurposethemes.com/bs5/assets/icons/Ionicons/css/ionicons.css]
[webkit-admin-template.multipurposethemes.com/bs5/assets/icons/themify-icons/fonts/themify9f24.eot]
[webkit-admin-template.multipurposethemes.com/bs5/assets/icons/themify-icons/fonts/themifyd41d.eot]
[webkit-admin-template.multipurposethemes.com/bs5/assets/icons/themify-icons/fonts/themify.woff]
[webkit-admin-template.multipurposethemes.com/bs5/assets/icons/themify-icons/fonts/themify.ttf]
[webkit-admin-template.multipurposethemes.com/bs5/assets/icons/themify-icons/themify-icons.css]
[webkit-admin-template.multipurposethemes.com/bs5/assets/icons/linea-icons/fonts/linea-arrows-10.eot]
[webkit-admin-template.multipurposethemes.com/bs5/assets/icons/linea-icons/fonts/linea-arrows-10d41d.eot]
[webkit-admin-template.multipurposethemes.com/bs5/assets/icons/linea-icons/fonts/linea-arrows-10.woff]
[webkit-admin-template.multipurposethemes.com/bs5/assets/icons/linea-icons/fonts/linea-arrows-10.ttf]
[webkit-admin-template.multipurposethemes.com/bs5/assets/icons/linea-icons/fonts/linea-basic-10.eot]
[webkit-admin-template.multipurposethemes.com/bs5/assets/icons/linea-icons/fonts/linea-basic-10d41d.eot]
[webkit-admin-template.multipurposethemes.com/bs5/assets/icons/linea-icons/fonts/linea-basic-10.woff]
[webkit-admin-template.multipurposethemes.com/bs5/assets/icons/linea-icons/fonts/linea-basic-10.ttf]
[webkit-admin-template.multipurposethemes.com/bs5/assets/icons/linea-icons/fonts/linea-basic-elaboration-10.eot]
[webkit-admin-template.multipurposethemes.com/bs5/assets/icons/linea-icons/fonts/linea-basic-elaboration-10d41d.eot]
[webkit-admin-template.multipurposethemes.com/bs5/assets/icons/linea-icons/fonts/linea-basic-elaboration-10.woff]
[webkit-admin-template.multipurposethemes.com/bs5/assets/icons/linea-icons/fonts/linea-basic-elaboration-10.ttf]
[webkit-admin-template.multipurposethemes.com/bs5/assets/icons/linea-icons/fonts/linea-ecommerce-10.eot]
[webkit-admin-template.multipurposethemes.com/bs5/assets/icons/linea-icons/fonts/linea-ecommerce-10d41d.eot]
[webkit-admin-template.multipurposethemes.com/bs5/assets/icons/linea-icons/fonts/linea-ecommerce-10.woff]
[webkit-admin-template.multipurposethemes.com/bs5/assets/icons/linea-icons/fonts/linea-ecommerce-10.ttf]
[webkit-admin-template.multipurposethemes.com/bs5/assets/icons/linea-icons/fonts/linea-music-10.eot]
[webkit-admin-template.multipurposethemes.com/bs5/assets/icons/linea-icons/fonts/linea-music-10d41d.eot]
[webkit-admin-template.multipurposethemes.com/bs5/assets/icons/linea-icons/fonts/linea-music-10.woff]
[webkit-admin-template.multipurposethemes.com/bs5/assets/icons/linea-icons/fonts/linea-music-10.ttf]
[webkit-admin-template.multipurposethemes.com/bs5/assets/icons/linea-icons/fonts/linea-software-10.eot]
[webkit-admin-template.multipurposethemes.com/bs5/assets/icons/linea-icons/fonts/linea-software-10d41d.eot]
[webkit-admin-template.multipurposethemes.com/bs5/assets/icons/linea-icons/fonts/linea-software-10.woff]
[webkit-admin-template.multipurposethemes.com/bs5/assets/icons/linea-icons/fonts/linea-software-10.ttf]
[webkit-admin-template.multipurposethemes.com/bs5/assets/icons/linea-icons/fonts/linea-weather-10.eot]
[webkit-admin-template.multipurposethemes.com/bs5/assets/icons/linea-icons/fonts/linea-weather-10d41d.eot]
[webkit-admin-template.multipurposethemes.com/bs5/assets/icons/linea-icons/fonts/linea-weather-10.woff]
[webkit-admin-template.multipurposethemes.com/bs5/assets/icons/linea-icons/fonts/linea-weather-10.ttf]
[webkit-admin-template.multipurposethemes.com/bs5/assets/icons/linea-icons/linea.css]
[webkit-admin-template.multipurposethemes.com/bs5/assets/icons/glyphicons/glyphicons-halflings-regular.eot]
[webkit-admin-template.multipurposethemes.com/bs5/assets/icons/glyphicons/glyphicons-halflings-regulard41d.eot]
[webkit-admin-template.multipurposethemes.com/bs5/assets/icons/glyphicons/glyphicons-halflings-regular.woff2]
[webkit-admin-template.multipurposethemes.com/bs5/assets/icons/glyphicons/glyphicons-halflings-regular.woff]
[webkit-admin-template.multipurposethemes.com/bs5/assets/icons/glyphicons/glyphicons-halflings-regular.ttf]
[webkit-admin-template.multipurposethemes.com/bs5/assets/icons/glyphicons/glyphicon.css]
[webkit-admin-template.multipurposethemes.com/bs5/assets/icons/flag-icon-css/css/flag-icon.css]
[webkit-admin-template.multipurposethemes.com/bs5/assets/icons/material-design-iconic-font/css/materialdesignicons.css]
[webkit-admin-template.multipurposethemes.com/bs5/assets/icons/simple-line-icons/css/simple-line-icons.css]
[webkit-admin-template.multipurposethemes.com/bs5/assets/icons/cryptocoins-master/cryptocoins.woff2]
[webkit-admin-template.multipurposethemes.com/bs5/assets/icons/cryptocoins-master/cryptocoins.woff]
[webkit-admin-template.multipurposethemes.com/bs5/assets/icons/cryptocoins-master/cryptocoins.ttf]
[webkit-admin-template.multipurposethemes.com/bs5/assets/icons/cryptocoins-master/cryptocoins.css]
[webkit-admin-template.multipurposethemes.com/bs5/assets/icons/weather-icons/css/weather-icons.min.css]
[webkit-admin-template.multipurposethemes.com/bs5/assets/icons/iconsmind/icomoonca27.eot]
[webkit-admin-template.multipurposethemes.com/bs5/assets/icons/iconsmind/icomoond41d.eot]
[webkit-admin-template.multipurposethemes.com/bs5/assets/icons/iconsmind/icomoonca27.woff]
[webkit-admin-template.multipurposethemes.com/bs5/assets/icons/iconsmind/icomoonca27.ttf]
[webkit-admin-template.multipurposethemes.com/bs5/assets/icons/iconsmind/style.css]
[webkit-admin-template.multipurposethemes.com/bs5/assets/icons/icomoon/fonts/icomoon4a27.eot]
[webkit-admin-template.multipurposethemes.com/bs5/assets/icons/icomoon/fonts/icomoon4a27.ttf]
[webkit-admin-template.multipurposethemes.com/bs5/assets/icons/icomoon/fonts/icomoon4a27.woff]
[webkit-admin-template.multipurposethemes.com/bs5/assets/icons/icomoon/style.css]
[webkit-admin-template.multipurposethemes.com/bs5/assets/vendor_components/animate/animate.css]
[webkit-admin-template.multipurposethemes.com/bs5/demo7/email_welcome.html]
[webkit-admin-template.multipurposethemes.com/bs5/demo7/email_verify_email.html]
[webkit-admin-template.multipurposethemes.com/bs5/demo7/email_change_pass.html]
[webkit-admin-template.multipurposethemes.com/bs5/images/preview/1200x675.jpg]
[webkit-admin-template.multipurposethemes.com/bs5/demo7/email_update.html]
[webkit-admin-template.multipurposethemes.com/bs5/demo7/email_expired_card.html]
[webkit-admin-template.multipurposethemes.com/bs5/demo7/email_closed_account.html]
[webkit-admin-template.multipurposethemes.com/bs5/images/bg-1.jpg]
[webkit-admin-template.multipurposethemes.com/bs5/demo7/sample_coming_soon_1.html]
[webkit-admin-template.multipurposethemes.com/bs5/demo7/js/pages/coundown-timer.js]
[webkit-admin-template.multipurposethemes.com/bs5/images/bg-2.jpg]
[webkit-admin-template.multipurposethemes.com/bs5/demo7/sample_coming_soon_2.html]
[webkit-admin-template.multipurposethemes.com/bs5/demo7/sample_coming_soon_3.html]
[webkit-admin-template.multipurposethemes.com/bs5/demo7/www.youtube.com/watch7d1c.html]
[webkit-admin-template.multipurposethemes.com/bs5/assets/vendor_components/flexslider/fonts/flexslider-icon.svg]
[webkit-admin-template.multipurposethemes.com/bs5/assets/vendor_components/raty-master/lib/fonts/raty.svg]
[webkit-admin-template.multipurposethemes.com/bs5/assets/vendor_plugins/bootstrap-wysihtml5/fonts/glyphicons-halflings-regular.eot]
[webkit-admin-template.multipurposethemes.com/bs5/assets/vendor_plugins/bootstrap-wysihtml5/fonts/glyphicons-halflings-regulard41d.eot]
[webkit-admin-template.multipurposethemes.com/bs5/assets/vendor_plugins/bootstrap-wysihtml5/fonts/glyphicons-halflings-regular.woff2]
[webkit-admin-template.multipurposethemes.com/bs5/assets/vendor_plugins/bootstrap-wysihtml5/fonts/glyphicons-halflings-regular.woff]
[webkit-admin-template.multipurposethemes.com/bs5/assets/vendor_plugins/bootstrap-wysihtml5/fonts/glyphicons-halflings-regular.ttf]
[webkit-admin-template.multipurposethemes.com/bs5/assets/vendor_plugins/bootstrap-wysihtml5/fonts/glyphicon.css]
[webkit-admin-template.multipurposethemes.com/bs5/assets/vendor_plugins/iCheck/minimal/red.png]
[webkit-admin-template.multipurposethemes.com/bs5/assets/vendor_plugins/iCheck/minimal/red@2x.png]
[webkit-admin-template.multipurposethemes.com/bs5/assets/vendor_plugins/iCheck/minimal/green.png]
[webkit-admin-template.multipurposethemes.com/bs5/assets/vendor_plugins/iCheck/minimal/green@2x.png]
[webkit-admin-template.multipurposethemes.com/bs5/assets/vendor_plugins/iCheck/minimal/blue.png]
[webkit-admin-template.multipurposethemes.com/bs5/assets/vendor_plugins/iCheck/minimal/blue@2x.png]
[webkit-admin-template.multipurposethemes.com/bs5/assets/vendor_plugins/iCheck/minimal/aero.png]
[webkit-admin-template.multipurposethemes.com/bs5/assets/vendor_plugins/iCheck/minimal/aero@2x.png]
[webkit-admin-template.multipurposethemes.com/bs5/assets/vendor_plugins/iCheck/minimal/grey.png]
[webkit-admin-template.multipurposethemes.com/bs5/assets/vendor_plugins/iCheck/minimal/grey@2x.png]
[webkit-admin-template.multipurposethemes.com/bs5/assets/vendor_plugins/iCheck/minimal/orange.png]
[webkit-admin-template.multipurposethemes.com/bs5/assets/vendor_plugins/iCheck/minimal/orange@2x.png]
[webkit-admin-template.multipurposethemes.com/bs5/assets/vendor_plugins/iCheck/minimal/yellow.png]
[webkit-admin-template.multipurposethemes.com/bs5/assets/vendor_plugins/iCheck/minimal/yellow@2x.png]
[webkit-admin-template.multipurposethemes.com/bs5/assets/vendor_plugins/iCheck/minimal/pink.png]
[webkit-admin-template.multipurposethemes.com/bs5/assets/vendor_plugins/iCheck/minimal/pink@2x.png]
[webkit-admin-template.multipurposethemes.com/bs5/assets/vendor_plugins/iCheck/minimal/purple.png]
[webkit-admin-template.multipurposethemes.com/bs5/assets/vendor_plugins/iCheck/minimal/purple@2x.png]
[webkit-admin-template.multipurposethemes.com/bs5/assets/vendor_plugins/iCheck/minimal/_all.css]
[webkit-admin-template.multipurposethemes.com/bs5/assets/vendor_plugins/iCheck/square/square.png]
[webkit-admin-template.multipurposethemes.com/bs5/assets/vendor_plugins/iCheck/square/square@2x.png]
[webkit-admin-template.multipurposethemes.com/bs5/assets/vendor_plugins/iCheck/square/red.png]
[webkit-admin-template.multipurposethemes.com/bs5/assets/vendor_plugins/iCheck/square/red@2x.png]
[webkit-admin-template.multipurposethemes.com/bs5/assets/vendor_plugins/iCheck/square/green.png]
[webkit-admin-template.multipurposethemes.com/bs5/assets/vendor_plugins/iCheck/square/green@2x.png]
[webkit-admin-template.multipurposethemes.com/bs5/assets/vendor_plugins/iCheck/square/blue.png]
[webkit-admin-template.multipurposethemes.com/bs5/assets/vendor_plugins/iCheck/square/blue@2x.png]
[webkit-admin-template.multipurposethemes.com/bs5/assets/vendor_plugins/iCheck/square/aero.png]
[webkit-admin-template.multipurposethemes.com/bs5/assets/vendor_plugins/iCheck/square/aero@2x.png]
[webkit-admin-template.multipurposethemes.com/bs5/assets/vendor_plugins/iCheck/square/grey.png]
[webkit-admin-template.multipurposethemes.com/bs5/assets/vendor_plugins/iCheck/square/grey@2x.png]
[webkit-admin-template.multipurposethemes.com/bs5/assets/vendor_plugins/iCheck/square/orange.png]
[webkit-admin-template.multipurposethemes.com/bs5/assets/vendor_plugins/iCheck/square/orange@2x.png]
[webkit-admin-template.multipurposethemes.com/bs5/assets/vendor_plugins/iCheck/square/yellow.png]
[webkit-admin-template.multipurposethemes.com/bs5/assets/vendor_plugins/iCheck/square/yellow@2x.png]
[webkit-admin-template.multipurposethemes.com/bs5/assets/vendor_plugins/iCheck/square/pink.png]
[webkit-admin-template.multipurposethemes.com/bs5/assets/vendor_plugins/iCheck/square/pink@2x.png]
[webkit-admin-template.multipurposethemes.com/bs5/assets/vendor_plugins/iCheck/square/purple.png]
[webkit-admin-template.multipurposethemes.com/bs5/assets/vendor_plugins/iCheck/square/purple@2x.png]
[webkit-admin-template.multipurposethemes.com/bs5/assets/vendor_plugins/iCheck/square/_all.css]
[webkit-admin-template.multipurposethemes.com/bs5/assets/vendor_plugins/iCheck/flat/flat.png]
[webkit-admin-template.multipurposethemes.com/bs5/assets/vendor_plugins/iCheck/flat/flat@2x.png]
[webkit-admin-template.multipurposethemes.com/bs5/assets/vendor_plugins/iCheck/flat/red.png]
[webkit-admin-template.multipurposethemes.com/bs5/assets/vendor_plugins/iCheck/flat/red@2x.png]
[webkit-admin-template.multipurposethemes.com/bs5/assets/vendor_plugins/iCheck/flat/green.png]
[webkit-admin-template.multipurposethemes.com/bs5/assets/vendor_plugins/iCheck/flat/green@2x.png]
[webkit-admin-template.multipurposethemes.com/bs5/assets/vendor_plugins/iCheck/flat/aero.png]
[webkit-admin-template.multipurposethemes.com/bs5/assets/vendor_plugins/iCheck/flat/aero@2x.png]
[webkit-admin-template.multipurposethemes.com/bs5/assets/vendor_plugins/iCheck/flat/grey.png]
[webkit-admin-template.multipurposethemes.com/bs5/assets/vendor_plugins/iCheck/flat/grey@2x.png]
[webkit-admin-template.multipurposethemes.com/bs5/assets/vendor_plugins/iCheck/flat/orange.png]
[webkit-admin-template.multipurposethemes.com/bs5/assets/vendor_plugins/iCheck/flat/orange@2x.png]
[webkit-admin-template.multipurposethemes.com/bs5/assets/vendor_plugins/iCheck/flat/yellow.png]
[webkit-admin-template.multipurposethemes.com/bs5/assets/vendor_plugins/iCheck/flat/yellow@2x.png]
[webkit-admin-template.multipurposethemes.com/bs5/assets/vendor_plugins/iCheck/flat/pink.png]
[webkit-admin-template.multipurposethemes.com/bs5/assets/vendor_plugins/iCheck/flat/pink@2x.png]
[webkit-admin-template.multipurposethemes.com/bs5/assets/vendor_plugins/iCheck/flat/purple.png]
[webkit-admin-template.multipurposethemes.com/bs5/assets/vendor_plugins/iCheck/flat/purple@2x.png]
[webkit-admin-template.multipurposethemes.com/bs5/assets/vendor_plugins/iCheck/flat/_all.css]
[webkit-admin-template.multipurposethemes.com/bs5/assets/vendor_plugins/iCheck/line/line.png]
[webkit-admin-template.multipurposethemes.com/bs5/assets/vendor_plugins/iCheck/line/line@2x.png]
[webkit-admin-template.multipurposethemes.com/bs5/assets/vendor_plugins/iCheck/line/_all.css]
[webkit-admin-template.multipurposethemes.com/bs5/assets/vendor_plugins/iCheck/polaris/polaris.png]
[webkit-admin-template.multipurposethemes.com/bs5/assets/vendor_plugins/iCheck/polaris/polaris@2x.png]
[webkit-admin-template.multipurposethemes.com/bs5/assets/vendor_plugins/iCheck/polaris/polaris.css]
[webkit-admin-template.multipurposethemes.com/bs5/assets/vendor_plugins/iCheck/futurico/futurico.png]
[webkit-admin-template.multipurposethemes.com/bs5/assets/vendor_plugins/iCheck/futurico/futurico@2x.png]
[webkit-admin-template.multipurposethemes.com/bs5/assets/vendor_plugins/iCheck/futurico/futurico.css]
[webkit-admin-template.multipurposethemes.com/bs5/assets/vendor_components/weather-icons/weathericons-regular-webfont.svg]
[webkit-admin-template.multipurposethemes.com/bs5/assets/icons/themify-icons/fonts/themify9f24.svg]
[webkit-admin-template.multipurposethemes.com/bs5/assets/icons/linea-icons/fonts/linea-arrows-10.svg]
[webkit-admin-template.multipurposethemes.com/bs5/assets/icons/linea-icons/fonts/linea-basic-10.svg]
[webkit-admin-template.multipurposethemes.com/bs5/assets/icons/linea-icons/fonts/linea-basic-elaboration-10.svg]
[webkit-admin-template.multipurposethemes.com/bs5/assets/icons/linea-icons/fonts/linea-ecommerce-10.svg]
[webkit-admin-template.multipurposethemes.com/bs5/assets/icons/linea-icons/fonts/linea-music-10.svg]
[webkit-admin-template.multipurposethemes.com/bs5/assets/icons/linea-icons/fonts/linea-software-10.svg]
[webkit-admin-template.multipurposethemes.com/bs5/assets/icons/linea-icons/fonts/linea-weather-10.svg]
[webkit-admin-template.multipurposethemes.com/bs5/assets/icons/glyphicons/glyphicons-halflings-regular.svg]
[webkit-admin-template.multipurposethemes.com/bs5/assets/icons/iconsmind/icomoonca27.svg]
[webkit-admin-template.multipurposethemes.com/bs5/assets/icons/icomoon/fonts/icomoon4a27.svg]
[webkit-admin-template.multipurposethemes.com/bs5/assets/vendor_plugins/bootstrap-wysihtml5/fonts/glyphicons-halflings-regular.svg]
